components/QuoteRequest.tsx(55,39): error TS2339: Property 'priceValidityDays' does not exist on type 'unknown'.
components/QuoteRequest.tsx(57,53): error TS2339: Property 'products' does not exist on type 'unknown'.
components/QuoteRequest.tsx(58,55): error TS2339: Property 'priceValidityMode' does not exist on type 'unknown'.
components/QuoteRequest.tsx(70,33): error TS2339: Property 'supplierName' does not exist on type 'unknown'.
components/QuoteRequest.tsx(383,25): error TS2339: Property 'supplierName' does not exist on type 'unknown'.
components/QuoteRequest.tsx(385,27): error TS2339: Property 'products' does not exist on type 'unknown'.
